============================= test session starts =============================
platform win32 -- Python 3.13.8, pytest-7.4.3, pluggy-1.6.0 -- C:\Users\USER\Documents\connector\backend\venv\Scripts\python.exe
cachedir: .pytest_cache
rootdir: C:\Users\USER\Documents\connector\backend
configfile: pytest.ini
plugins: anyio-3.7.1, asyncio-0.21.1
asyncio: mode=Mode.AUTO
collecting ... collected 54 items

tests/test_config.py::test_config_validates_required_fields PASSED       [  1%]
tests/test_encryption.py::test_encrypt_token PASSED                      [  3%]
tests/test_encryption.py::test_decrypt_token PASSED                      [  5%]
tests/test_encryption.py::test_decrypt_different_token_fails PASSED      [  7%]
tests/test_encryption.py::test_encrypt_empty_string PASSED               [  9%]
tests/test_encryption.py::test_encrypt_unicode_token PASSED              [ 11%]
tests/test_encryption.py::test_invalid_key_raises_error PASSED           [ 12%]
tests/test_encryption.py::test_decrypt_malformed_encrypted_raises_error PASSED [ 14%]
tests/test_graph_client.py::test_get_me_returns_user_info PASSED         [ 16%]
tests/test_graph_client.py::test_list_sites_without_search PASSED        [ 18%]
tests/test_graph_client.py::test_list_sites_with_search PASSED           [ 20%]
tests/test_graph_client.py::test_list_drives_returns_drives PASSED       [ 22%]
tests/test_graph_client.py::test_list_drive_items_from_root PASSED       [ 24%]
tests/test_graph_client.py::test_list_drive_items_from_folder PASSED     [ 25%]
tests/test_graph_client.py::test_download_drive_item_rejects_folders PASSED [ 27%]
tests/test_graph_client.py::test_download_drive_item_returns_file_content PASSED [ 29%]
tests/test_graph_client.py::test_get_handles_401_unauthorized PASSED     [ 31%]
tests/test_graph_client.py::test_get_handles_403_forbidden PASSED        [ 33%]
tests/test_graph_client.py::test_get_handles_404_not_found PASSED        [ 35%]
tests/test_graph_client.py::test_get_handles_429_rate_limit PASSED       [ 37%]
tests/test_oauth.py::test_generate_authorization_url_has_required_params ERROR [ 38%]
tests/test_oauth.py::test_generate_authorization_url_includes_all_scopes ERROR [ 40%]
tests/test_oauth.py::test_callback_rejects_invalid_state ERROR           [ 42%]
tests/test_oauth.py::test_callback_rejects_mismatched_state_user ERROR   [ 44%]
tests/test_oauth.py::test_callback_exchanges_code_and_stores_tokens ERROR [ 46%]
tests/test_oauth.py::test_exchange_code_for_tokens_handles_http_error ERROR [ 48%]
tests/test_oauth.py::test_get_user_info_handles_http_error ERROR         [ 50%]
tests/test_repositories.py::test_save_connection PASSED                  [ 51%]
tests/test_repositories.py::test_get_by_user_id_returns_connection PASSED [ 53%]
tests/test_repositories.py::test_get_by_user_id_returns_none_for_missing_user PASSED [ 55%]
tests/test_repositories.py::test_update_connection PASSED                [ 57%]
tests/test_repositories.py::test_save_oauth_state PASSED                 [ 59%]
tests/test_repositories.py::test_get_oauth_state_returns_none_for_missing_state PASSED [ 61%]
tests/test_repositories.py::test_delete_oauth_state PASSED               [ 62%]
tests/test_repositories.py::test_delete_nonexistent_oauth_state_is_safe PASSED [ 64%]
tests/test_routes.py::test_health_check PASSED                           [ 66%]
tests/test_routes.py::test_connect_endpoint_returns_auth_url FAILED      [ 68%]
tests/test_routes.py::test_callback_endpoint_success FAILED              [ 70%]
tests/test_routes.py::test_callback_endpoint_invalid_state FAILED        [ 72%]
tests/test_routes.py::test_status_disconnected PASSED                    [ 74%]
tests/test_routes.py::test_status_connected PASSED                       [ 75%]
tests/test_routes.py::test_list_sites_endpoint FAILED                    [ 77%]
tests/test_routes.py::test_list_sites_endpoint_requires_connection FAILED [ 79%]
tests/test_routes.py::test_list_drives_endpoint FAILED                   [ 81%]
tests/test_routes.py::test_list_items_endpoint FAILED                    [ 83%]
tests/test_routes.py::test_download_endpoint FAILED                      [ 85%]
tests/test_routes.py::test_download_endpoint_folder_error FAILED         [ 87%]
tests/test_token_provider.py::test_get_valid_access_token_returns_token_for_valid_connection ERROR [ 88%]
tests/test_token_provider.py::test_get_valid_access_token_raises_for_disconnected_user ERROR [ 90%]
tests/test_token_provider.py::test_get_valid_access_token_refreshes_near_expired_token ERROR [ 92%]
tests/test_token_provider.py::test_get_valid_access_token_does_not_refresh_valid_token ERROR [ 94%]
tests/test_token_provider.py::test_refresh_token_updates_connection ERROR [ 96%]
tests/test_token_provider.py::test_refresh_token_handles_invalid_grant_error ERROR [ 98%]
tests/test_token_provider.py::test_refresh_token_raises_for_missing_refresh_token ERROR [100%]

=================================== ERRORS ====================================
____ ERROR at setup of test_generate_authorization_url_has_required_params ____

encryption = <encryption.TokenEncryption object at 0x000002219B92D350>

    @pytest.fixture
    def oauth_manager(encryption):
        """Create OAuth manager."""
>       return MicrosoftOAuthManager(encryption)

tests\test_oauth.py:40: 
_ _ _ _ _ _ _ _ _ _ _ _ _ _ _ _ _ _ _ _ _ _ _ _ _ _ _ _ _ _ _ _ _ _ _ _ _ _ _ _
oauth.py:23: in __init__
    self.config = get_config()
config.py:64: in get_config
    Config.validate()
_ _ _ _ _ _ _ _ _ _ _ _ _ _ _ _ _ _ _ _ _ _ _ _ _ _ _ _ _ _ _ _ _ _ _ _ _ _ _ _

cls = <class 'config.Config'>

    @classmethod
    def validate(cls) -> None:
        """Validate required configuration is present."""
        required = [
            "MICROSOFT_CLIENT_ID",
            "MICROSOFT_CLIENT_SECRET",
            "MICROSOFT_REDIRECT_URI",
            "TOKEN_ENCRYPTION_KEY",
        ]
        missing = [
            key for key in required
            if not getattr(cls, key, None)
        ]
        if missing:
>           raise ValueError(
                f"Missing required configuration: {', '.join(missing)}\n"
                f"See .env.example for template."
            )
E           ValueError: Missing required configuration: MICROSOFT_CLIENT_ID
E           See .env.example for template.

config.py:56: ValueError
____ ERROR at setup of test_generate_authorization_url_includes_all_scopes ____

encryption = <encryption.TokenEncryption object at 0x000002219B92D950>

    @pytest.fixture
    def oauth_manager(encryption):
        """Create OAuth manager."""
>       return MicrosoftOAuthManager(encryption)

tests\test_oauth.py:40: 
_ _ _ _ _ _ _ _ _ _ _ _ _ _ _ _ _ _ _ _ _ _ _ _ _ _ _ _ _ _ _ _ _ _ _ _ _ _ _ _
oauth.py:23: in __init__
    self.config = get_config()
config.py:64: in get_config
    Config.validate()
_ _ _ _ _ _ _ _ _ _ _ _ _ _ _ _ _ _ _ _ _ _ _ _ _ _ _ _ _ _ _ _ _ _ _ _ _ _ _ _

cls = <class 'config.Config'>

    @classmethod
    def validate(cls) -> None:
        """Validate required configuration is present."""
        required = [
            "MICROSOFT_CLIENT_ID",
            "MICROSOFT_CLIENT_SECRET",
            "MICROSOFT_REDIRECT_URI",
            "TOKEN_ENCRYPTION_KEY",
        ]
        missing = [
            key for key in required
            if not getattr(cls, key, None)
        ]
        if missing:
>           raise ValueError(
                f"Missing required configuration: {', '.join(missing)}\n"
                f"See .env.example for template."
            )
E           ValueError: Missing required configuration: MICROSOFT_CLIENT_ID
E           See .env.example for template.

config.py:56: ValueError
____________ ERROR at setup of test_callback_rejects_invalid_state ____________

encryption = <encryption.TokenEncryption object at 0x000002219B936990>

    @pytest.fixture
    def oauth_manager(encryption):
        """Create OAuth manager."""
>       return MicrosoftOAuthManager(encryption)

tests\test_oauth.py:40: 
_ _ _ _ _ _ _ _ _ _ _ _ _ _ _ _ _ _ _ _ _ _ _ _ _ _ _ _ _ _ _ _ _ _ _ _ _ _ _ _
oauth.py:23: in __init__
    self.config = get_config()
config.py:64: in get_config
    Config.validate()
_ _ _ _ _ _ _ _ _ _ _ _ _ _ _ _ _ _ _ _ _ _ _ _ _ _ _ _ _ _ _ _ _ _ _ _ _ _ _ _

cls = <class 'config.Config'>

    @classmethod
    def validate(cls) -> None:
        """Validate required configuration is present."""
        required = [
            "MICROSOFT_CLIENT_ID",
            "MICROSOFT_CLIENT_SECRET",
            "MICROSOFT_REDIRECT_URI",
            "TOKEN_ENCRYPTION_KEY",
        ]
        missing = [
            key for key in required
            if not getattr(cls, key, None)
        ]
        if missing:
>           raise ValueError(
                f"Missing required configuration: {', '.join(missing)}\n"
                f"See .env.example for template."
            )
E           ValueError: Missing required configuration: MICROSOFT_CLIENT_ID
E           See .env.example for template.

config.py:56: ValueError
________ ERROR at setup of test_callback_rejects_mismatched_state_user ________

encryption = <encryption.TokenEncryption object at 0x000002219B9375C0>

    @pytest.fixture
    def oauth_manager(encryption):
        """Create OAuth manager."""
>       return MicrosoftOAuthManager(encryption)

tests\test_oauth.py:40: 
_ _ _ _ _ _ _ _ _ _ _ _ _ _ _ _ _ _ _ _ _ _ _ _ _ _ _ _ _ _ _ _ _ _ _ _ _ _ _ _
oauth.py:23: in __init__
    self.config = get_config()
config.py:64: in get_config
    Config.validate()
_ _ _ _ _ _ _ _ _ _ _ _ _ _ _ _ _ _ _ _ _ _ _ _ _ _ _ _ _ _ _ _ _ _ _ _ _ _ _ _

cls = <class 'config.Config'>

    @classmethod
    def validate(cls) -> None:
        """Validate required configuration is present."""
        required = [
            "MICROSOFT_CLIENT_ID",
            "MICROSOFT_CLIENT_SECRET",
            "MICROSOFT_REDIRECT_URI",
            "TOKEN_ENCRYPTION_KEY",
        ]
        missing = [
            key for key in required
            if not getattr(cls, key, None)
        ]
        if missing:
>           raise ValueError(
                f"Missing required configuration: {', '.join(missing)}\n"
                f"See .env.example for template."
            )
E           ValueError: Missing required configuration: MICROSOFT_CLIENT_ID
E           See .env.example for template.

config.py:56: ValueError
______ ERROR at setup of test_callback_exchanges_code_and_stores_tokens _______

encryption = <encryption.TokenEncryption object at 0x000002219BA75550>

    @pytest.fixture
    def oauth_manager(encryption):
        """Create OAuth manager."""
>       return MicrosoftOAuthManager(encryption)

tests\test_oauth.py:40: 
_ _ _ _ _ _ _ _ _ _ _ _ _ _ _ _ _ _ _ _ _ _ _ _ _ _ _ _ _ _ _ _ _ _ _ _ _ _ _ _
oauth.py:23: in __init__
    self.config = get_config()
config.py:64: in get_config
    Config.validate()
_ _ _ _ _ _ _ _ _ _ _ _ _ _ _ _ _ _ _ _ _ _ _ _ _ _ _ _ _ _ _ _ _ _ _ _ _ _ _ _

cls = <class 'config.Config'>

    @classmethod
    def validate(cls) -> None:
        """Validate required configuration is present."""
        required = [
            "MICROSOFT_CLIENT_ID",
            "MICROSOFT_CLIENT_SECRET",
            "MICROSOFT_REDIRECT_URI",
            "TOKEN_ENCRYPTION_KEY",
        ]
        missing = [
            key for key in required
            if not getattr(cls, key, None)
        ]
        if missing:
>           raise ValueError(
                f"Missing required configuration: {', '.join(missing)}\n"
                f"See .env.example for template."
            )
E           ValueError: Missing required configuration: MICROSOFT_CLIENT_ID
E           See .env.example for template.

config.py:56: ValueError
_____ ERROR at setup of test_exchange_code_for_tokens_handles_http_error ______

encryption = <encryption.TokenEncryption object at 0x000002219BA76510>

    @pytest.fixture
    def oauth_manager(encryption):
        """Create OAuth manager."""
>       return MicrosoftOAuthManager(encryption)

tests\test_oauth.py:40: 
_ _ _ _ _ _ _ _ _ _ _ _ _ _ _ _ _ _ _ _ _ _ _ _ _ _ _ _ _ _ _ _ _ _ _ _ _ _ _ _
oauth.py:23: in __init__
    self.config = get_config()
config.py:64: in get_config
    Config.validate()
_ _ _ _ _ _ _ _ _ _ _ _ _ _ _ _ _ _ _ _ _ _ _ _ _ _ _ _ _ _ _ _ _ _ _ _ _ _ _ _

cls = <class 'config.Config'>

    @classmethod
    def validate(cls) -> None:
        """Validate required configuration is present."""
        required = [
            "MICROSOFT_CLIENT_ID",
            "MICROSOFT_CLIENT_SECRET",
            "MICROSOFT_REDIRECT_URI",
            "TOKEN_ENCRYPTION_KEY",
        ]
        missing = [
            key for key in required
            if not getattr(cls, key, None)
        ]
        if missing:
>           raise ValueError(
                f"Missing required configuration: {', '.join(missing)}\n"
                f"See .env.example for template."
            )
E           ValueError: Missing required configuration: MICROSOFT_CLIENT_ID
E           See .env.example for template.

config.py:56: ValueError
___________ ERROR at setup of test_get_user_info_handles_http_error ___________

encryption = <encryption.TokenEncryption object at 0x000002219B8DFE10>

    @pytest.fixture
    def oauth_manager(encryption):
        """Create OAuth manager."""
>       return MicrosoftOAuthManager(encryption)

tests\test_oauth.py:40: 
_ _ _ _ _ _ _ _ _ _ _ _ _ _ _ _ _ _ _ _ _ _ _ _ _ _ _ _ _ _ _ _ _ _ _ _ _ _ _ _
oauth.py:23: in __init__
    self.config = get_config()
config.py:64: in get_config
    Config.validate()
_ _ _ _ _ _ _ _ _ _ _ _ _ _ _ _ _ _ _ _ _ _ _ _ _ _ _ _ _ _ _ _ _ _ _ _ _ _ _ _

cls = <class 'config.Config'>

    @classmethod
    def validate(cls) -> None:
        """Validate required configuration is present."""
        required = [
            "MICROSOFT_CLIENT_ID",
            "MICROSOFT_CLIENT_SECRET",
            "MICROSOFT_REDIRECT_URI",
            "TOKEN_ENCRYPTION_KEY",
        ]
        missing = [
            key for key in required
            if not getattr(cls, key, None)
        ]
        if missing:
>           raise ValueError(
                f"Missing required configuration: {', '.join(missing)}\n"
                f"See .env.example for template."
            )
E           ValueError: Missing required configuration: MICROSOFT_CLIENT_ID
E           See .env.example for template.

config.py:56: ValueError
_ ERROR at setup of test_get_valid_access_token_returns_token_for_valid_connection _

encryption = <encryption.TokenEncryption object at 0x000002219BAB2150>

    @pytest.fixture
    def token_provider(encryption):
        """Create token provider."""
>       return TokenProvider(encryption)

tests\test_token_provider.py:29: 
_ _ _ _ _ _ _ _ _ _ _ _ _ _ _ _ _ _ _ _ _ _ _ _ _ _ _ _ _ _ _ _ _ _ _ _ _ _ _ _
token_provider.py:19: in __init__
    self.config = get_config()
config.py:64: in get_config
    Config.validate()
_ _ _ _ _ _ _ _ _ _ _ _ _ _ _ _ _ _ _ _ _ _ _ _ _ _ _ _ _ _ _ _ _ _ _ _ _ _ _ _

cls = <class 'config.Config'>

    @classmethod
    def validate(cls) -> None:
        """Validate required configuration is present."""
        required = [
            "MICROSOFT_CLIENT_ID",
            "MICROSOFT_CLIENT_SECRET",
            "MICROSOFT_REDIRECT_URI",
            "TOKEN_ENCRYPTION_KEY",
        ]
        missing = [
            key for key in required
            if not getattr(cls, key, None)
        ]
        if missing:
>           raise ValueError(
                f"Missing required configuration: {', '.join(missing)}\n"
                f"See .env.example for template."
            )
E           ValueError: Missing required configuration: MICROSOFT_CLIENT_ID
E           See .env.example for template.

config.py:56: ValueError
_ ERROR at setup of test_get_valid_access_token_raises_for_disconnected_user __

encryption = <encryption.TokenEncryption object at 0x000002219BAC3B70>

    @pytest.fixture
    def token_provider(encryption):
        """Create token provider."""
>       return TokenProvider(encryption)

tests\test_token_provider.py:29: 
_ _ _ _ _ _ _ _ _ _ _ _ _ _ _ _ _ _ _ _ _ _ _ _ _ _ _ _ _ _ _ _ _ _ _ _ _ _ _ _
token_provider.py:19: in __init__
    self.config = get_config()
config.py:64: in get_config
    Config.validate()
_ _ _ _ _ _ _ _ _ _ _ _ _ _ _ _ _ _ _ _ _ _ _ _ _ _ _ _ _ _ _ _ _ _ _ _ _ _ _ _

cls = <class 'config.Config'>

    @classmethod
    def validate(cls) -> None:
        """Validate required configuration is present."""
        required = [
            "MICROSOFT_CLIENT_ID",
            "MICROSOFT_CLIENT_SECRET",
            "MICROSOFT_REDIRECT_URI",
            "TOKEN_ENCRYPTION_KEY",
        ]
        missing = [
            key for key in required
            if not getattr(cls, key, None)
        ]
        if missing:
>           raise ValueError(
                f"Missing required configuration: {', '.join(missing)}\n"
                f"See .env.example for template."
            )
E           ValueError: Missing required configuration: MICROSOFT_CLIENT_ID
E           See .env.example for template.

config.py:56: ValueError
_ ERROR at setup of test_get_valid_access_token_refreshes_near_expired_token __

encryption = <encryption.TokenEncryption object at 0x000002219D3E41B0>

    @pytest.fixture
    def token_provider(encryption):
        """Create token provider."""
>       return TokenProvider(encryption)

tests\test_token_provider.py:29: 
_ _ _ _ _ _ _ _ _ _ _ _ _ _ _ _ _ _ _ _ _ _ _ _ _ _ _ _ _ _ _ _ _ _ _ _ _ _ _ _
token_provider.py:19: in __init__
    self.config = get_config()
config.py:64: in get_config
    Config.validate()
_ _ _ _ _ _ _ _ _ _ _ _ _ _ _ _ _ _ _ _ _ _ _ _ _ _ _ _ _ _ _ _ _ _ _ _ _ _ _ _

cls = <class 'config.Config'>

    @classmethod
    def validate(cls) -> None:
        """Validate required configuration is present."""
        required = [
            "MICROSOFT_CLIENT_ID",
            "MICROSOFT_CLIENT_SECRET",
            "MICROSOFT_REDIRECT_URI",
            "TOKEN_ENCRYPTION_KEY",
        ]
        missing = [
            key for key in required
            if not getattr(cls, key, None)
        ]
        if missing:
>           raise ValueError(
                f"Missing required configuration: {', '.join(missing)}\n"
                f"See .env.example for template."
            )
E           ValueError: Missing required configuration: MICROSOFT_CLIENT_ID
E           See .env.example for template.

config.py:56: ValueError
_ ERROR at setup of test_get_valid_access_token_does_not_refresh_valid_token __

encryption = <encryption.TokenEncryption object at 0x000002219BACEAD0>

    @pytest.fixture
    def token_provider(encryption):
        """Create token provider."""
>       return TokenProvider(encryption)

tests\test_token_provider.py:29: 
_ _ _ _ _ _ _ _ _ _ _ _ _ _ _ _ _ _ _ _ _ _ _ _ _ _ _ _ _ _ _ _ _ _ _ _ _ _ _ _
token_provider.py:19: in __init__
    self.config = get_config()
config.py:64: in get_config
    Config.validate()
_ _ _ _ _ _ _ _ _ _ _ _ _ _ _ _ _ _ _ _ _ _ _ _ _ _ _ _ _ _ _ _ _ _ _ _ _ _ _ _

cls = <class 'config.Config'>

    @classmethod
    def validate(cls) -> None:
        """Validate required configuration is present."""
        required = [
            "MICROSOFT_CLIENT_ID",
            "MICROSOFT_CLIENT_SECRET",
            "MICROSOFT_REDIRECT_URI",
            "TOKEN_ENCRYPTION_KEY",
        ]
        missing = [
            key for key in required
            if not getattr(cls, key, None)
        ]
        if missing:
>           raise ValueError(
                f"Missing required configuration: {', '.join(missing)}\n"
                f"See .env.example for template."
            )
E           ValueError: Missing required configuration: MICROSOFT_CLIENT_ID
E           See .env.example for template.

config.py:56: ValueError
___________ ERROR at setup of test_refresh_token_updates_connection ___________

encryption = <encryption.TokenEncryption object at 0x000002219BACF570>

    @pytest.fixture
    def token_provider(encryption):
        """Create token provider."""
>       return TokenProvider(encryption)

tests\test_token_provider.py:29: 
_ _ _ _ _ _ _ _ _ _ _ _ _ _ _ _ _ _ _ _ _ _ _ _ _ _ _ _ _ _ _ _ _ _ _ _ _ _ _ _
token_provider.py:19: in __init__
    self.config = get_config()
config.py:64: in get_config
    Config.validate()
_ _ _ _ _ _ _ _ _ _ _ _ _ _ _ _ _ _ _ _ _ _ _ _ _ _ _ _ _ _ _ _ _ _ _ _ _ _ _ _

cls = <class 'config.Config'>

    @classmethod
    def validate(cls) -> None:
        """Validate required configuration is present."""
        required = [
            "MICROSOFT_CLIENT_ID",
            "MICROSOFT_CLIENT_SECRET",
            "MICROSOFT_REDIRECT_URI",
            "TOKEN_ENCRYPTION_KEY",
        ]
        missing = [
            key for key in required
            if not getattr(cls, key, None)
        ]
        if missing:
>           raise ValueError(
                f"Missing required configuration: {', '.join(missing)}\n"
                f"See .env.example for template."
            )
E           ValueError: Missing required configuration: MICROSOFT_CLIENT_ID
E           See .env.example for template.

config.py:56: ValueError
______ ERROR at setup of test_refresh_token_handles_invalid_grant_error _______

encryption = <encryption.TokenEncryption object at 0x000002219BA3CEF0>

    @pytest.fixture
    def token_provider(encryption):
        """Create token provider."""
>       return TokenProvider(encryption)

tests\test_token_provider.py:29: 
_ _ _ _ _ _ _ _ _ _ _ _ _ _ _ _ _ _ _ _ _ _ _ _ _ _ _ _ _ _ _ _ _ _ _ _ _ _ _ _
token_provider.py:19: in __init__
    self.config = get_config()
config.py:64: in get_config
    Config.validate()
_ _ _ _ _ _ _ _ _ _ _ _ _ _ _ _ _ _ _ _ _ _ _ _ _ _ _ _ _ _ _ _ _ _ _ _ _ _ _ _

cls = <class 'config.Config'>

    @classmethod
    def validate(cls) -> None:
        """Validate required configuration is present."""
        required = [
            "MICROSOFT_CLIENT_ID",
            "MICROSOFT_CLIENT_SECRET",
            "MICROSOFT_REDIRECT_URI",
            "TOKEN_ENCRYPTION_KEY",
        ]
        missing = [
            key for key in required
            if not getattr(cls, key, None)
        ]
        if missing:
>           raise ValueError(
                f"Missing required configuration: {', '.join(missing)}\n"
                f"See .env.example for template."
            )
E           ValueError: Missing required configuration: MICROSOFT_CLIENT_ID
E           See .env.example for template.

config.py:56: ValueError
____ ERROR at setup of test_refresh_token_raises_for_missing_refresh_token ____

encryption = <encryption.TokenEncryption object at 0x000002219B7CE4D0>

    @pytest.fixture
    def token_provider(encryption):
        """Create token provider."""
>       return TokenProvider(encryption)

tests\test_token_provider.py:29: 
_ _ _ _ _ _ _ _ _ _ _ _ _ _ _ _ _ _ _ _ _ _ _ _ _ _ _ _ _ _ _ _ _ _ _ _ _ _ _ _
token_provider.py:19: in __init__
    self.config = get_config()
config.py:64: in get_config
    Config.validate()
_ _ _ _ _ _ _ _ _ _ _ _ _ _ _ _ _ _ _ _ _ _ _ _ _ _ _ _ _ _ _ _ _ _ _ _ _ _ _ _

cls = <class 'config.Config'>

    @classmethod
    def validate(cls) -> None:
        """Validate required configuration is present."""
        required = [
            "MICROSOFT_CLIENT_ID",
            "MICROSOFT_CLIENT_SECRET",
            "MICROSOFT_REDIRECT_URI",
            "TOKEN_ENCRYPTION_KEY",
        ]
        missing = [
            key for key in required
            if not getattr(cls, key, None)
        ]
        if missing:
>           raise ValueError(
                f"Missing required configuration: {', '.join(missing)}\n"
                f"See .env.example for template."
            )
E           ValueError: Missing required configuration: MICROSOFT_CLIENT_ID
E           See .env.example for template.

config.py:56: ValueError
================================== FAILURES ===================================
___________________ test_connect_endpoint_returns_auth_url ____________________

client = <starlette.testclient.TestClient object at 0x000002219B945810>

    def test_connect_endpoint_returns_auth_url(client):
        """Connect endpoint returns authorization URL."""
>       response = client.get("/api/integrations/microsoft/connect")

tests\test_routes.py:55: 
_ _ _ _ _ _ _ _ _ _ _ _ _ _ _ _ _ _ _ _ _ _ _ _ _ _ _ _ _ _ _ _ _ _ _ _ _ _ _ _
venv\Lib\site-packages\starlette\testclient.py:499: in get
    return super().get(
venv\Lib\site-packages\httpx\_client.py:1041: in get
    return self.request(
venv\Lib\site-packages\starlette\testclient.py:465: in request
    return super().request(
venv\Lib\site-packages\httpx\_client.py:814: in request
    return self.send(request, auth=auth, follow_redirects=follow_redirects)
venv\Lib\site-packages\httpx\_client.py:901: in send
    response = self._send_handling_auth(
venv\Lib\site-packages\httpx\_client.py:929: in _send_handling_auth
    response = self._send_handling_redirects(
venv\Lib\site-packages\httpx\_client.py:966: in _send_handling_redirects
    response = self._send_single_request(request)
venv\Lib\site-packages\httpx\_client.py:1002: in _send_single_request
    response = transport.handle_request(request)
venv\Lib\site-packages\starlette\testclient.py:342: in handle_request
    raise exc
venv\Lib\site-packages\starlette\testclient.py:339: in handle_request
    portal.call(self.app, scope, receive, send)
venv\Lib\site-packages\anyio\from_thread.py:277: in call
    return cast(T_Retval, self.start_task_soon(func, *args).result())
C:\Python313\Lib\concurrent\futures\_base.py:456: in result
    return self.__get_result()
C:\Python313\Lib\concurrent\futures\_base.py:401: in __get_result
    raise self._exception
venv\Lib\site-packages\anyio\from_thread.py:217: in _call_func
    retval = await retval
venv\Lib\site-packages\fastapi\applications.py:1106: in __call__
    await super().__call__(scope, receive, send)
venv\Lib\site-packages\starlette\applications.py:122: in __call__
    await self.middleware_stack(scope, receive, send)
venv\Lib\site-packages\starlette\middleware\errors.py:184: in __call__
    raise exc
venv\Lib\site-packages\starlette\middleware\errors.py:162: in __call__
    await self.app(scope, receive, _send)
venv\Lib\site-packages\starlette\middleware\exceptions.py:79: in __call__
    raise exc
venv\Lib\site-packages\starlette\middleware\exceptions.py:68: in __call__
    await self.app(scope, receive, sender)
venv\Lib\site-packages\fastapi\middleware\asyncexitstack.py:20: in __call__
    raise e
venv\Lib\site-packages\fastapi\middleware\asyncexitstack.py:17: in __call__
    await self.app(scope, receive, send)
venv\Lib\site-packages\starlette\routing.py:718: in __call__
    await route.handle(scope, receive, send)
venv\Lib\site-packages\starlette\routing.py:276: in handle
    await self.app(scope, receive, send)
venv\Lib\site-packages\starlette\routing.py:66: in app
    response = await func(request)
venv\Lib\site-packages\fastapi\routing.py:274: in app
    raw_response = await run_endpoint_function(
venv\Lib\site-packages\fastapi\routing.py:191: in run_endpoint_function
    return await dependant.call(**values)
routes.py:52: in connect
    ensure_initialized()
routes.py:35: in ensure_initialized
    oauth_manager, token_provider, config = _get_manager_and_provider()
routes.py:21: in _get_manager_and_provider
    config = _get_config()
routes.py:18: in _get_config
    return get_config()
config.py:64: in get_config
    Config.validate()
_ _ _ _ _ _ _ _ _ _ _ _ _ _ _ _ _ _ _ _ _ _ _ _ _ _ _ _ _ _ _ _ _ _ _ _ _ _ _ _

cls = <class 'config.Config'>

    @classmethod
    def validate(cls) -> None:
        """Validate required configuration is present."""
        required = [
            "MICROSOFT_CLIENT_ID",
            "MICROSOFT_CLIENT_SECRET",
            "MICROSOFT_REDIRECT_URI",
            "TOKEN_ENCRYPTION_KEY",
        ]
        missing = [
            key for key in required
            if not getattr(cls, key, None)
        ]
        if missing:
>           raise ValueError(
                f"Missing required configuration: {', '.join(missing)}\n"
                f"See .env.example for template."
            )
E           ValueError: Missing required configuration: MICROSOFT_CLIENT_ID
E           See .env.example for template.

config.py:56: ValueError
_______________________ test_callback_endpoint_success ________________________

args = ()
keywargs = {'client': <starlette.testclient.TestClient object at 0x000002219AE2A990>}

    @wraps(func)
    def patched(*args, **keywargs):
>       with self.decoration_helper(patched,
                                    args,
                                    keywargs) as (newargs, newkeywargs):

C:\Python313\Lib\unittest\mock.py:1423: 
_ _ _ _ _ _ _ _ _ _ _ _ _ _ _ _ _ _ _ _ _ _ _ _ _ _ _ _ _ _ _ _ _ _ _ _ _ _ _ _
C:\Python313\Lib\contextlib.py:141: in __enter__
    return next(self.gen)
C:\Python313\Lib\unittest\mock.py:1405: in decoration_helper
    arg = exit_stack.enter_context(patching)
C:\Python313\Lib\contextlib.py:530: in enter_context
    result = _enter(cm)
C:\Python313\Lib\unittest\mock.py:1497: in __enter__
    original, local = self.get_original()
_ _ _ _ _ _ _ _ _ _ _ _ _ _ _ _ _ _ _ _ _ _ _ _ _ _ _ _ _ _ _ _ _ _ _ _ _ _ _ _

self = <unittest.mock._patch object at 0x000002219B5AF360>

    def get_original(self):
        target = self.getter()
        name = self.attribute
    
        original = DEFAULT
        local = False
    
        try:
            original = target.__dict__[name]
        except (AttributeError, KeyError):
            original = getattr(target, name, DEFAULT)
        else:
            local = True
    
        if name in _builtins and isinstance(target, ModuleType):
            self.create = True
    
        if not self.create and original is DEFAULT:
>           raise AttributeError(
                "%s does not have the attribute %r" % (target, name)
            )
E           AttributeError: None does not have the attribute 'handle_callback'

C:\Python313\Lib\unittest\mock.py:1467: AttributeError
____________________ test_callback_endpoint_invalid_state _____________________

args = ()
keywargs = {'client': <starlette.testclient.TestClient object at 0x000002219AE0E190>}

    @wraps(func)
    def patched(*args, **keywargs):
>       with self.decoration_helper(patched,
                                    args,
                                    keywargs) as (newargs, newkeywargs):

C:\Python313\Lib\unittest\mock.py:1423: 
_ _ _ _ _ _ _ _ _ _ _ _ _ _ _ _ _ _ _ _ _ _ _ _ _ _ _ _ _ _ _ _ _ _ _ _ _ _ _ _
C:\Python313\Lib\contextlib.py:141: in __enter__
    return next(self.gen)
C:\Python313\Lib\unittest\mock.py:1405: in decoration_helper
    arg = exit_stack.enter_context(patching)
C:\Python313\Lib\contextlib.py:530: in enter_context
    result = _enter(cm)
C:\Python313\Lib\unittest\mock.py:1497: in __enter__
    original, local = self.get_original()
_ _ _ _ _ _ _ _ _ _ _ _ _ _ _ _ _ _ _ _ _ _ _ _ _ _ _ _ _ _ _ _ _ _ _ _ _ _ _ _

self = <unittest.mock._patch object at 0x000002219B7BCCB0>

    def get_original(self):
        target = self.getter()
        name = self.attribute
    
        original = DEFAULT
        local = False
    
        try:
            original = target.__dict__[name]
        except (AttributeError, KeyError):
            original = getattr(target, name, DEFAULT)
        else:
            local = True
    
        if name in _builtins and isinstance(target, ModuleType):
            self.create = True
    
        if not self.create and original is DEFAULT:
>           raise AttributeError(
                "%s does not have the attribute %r" % (target, name)
            )
E           AttributeError: None does not have the attribute 'handle_callback'

C:\Python313\Lib\unittest\mock.py:1467: AttributeError
__________________________ test_list_sites_endpoint ___________________________

args = ()
keywargs = {'client': <starlette.testclient.TestClient object at 0x000002219AEB8050>}

    @wraps(func)
    def patched(*args, **keywargs):
>       with self.decoration_helper(patched,
                                    args,
                                    keywargs) as (newargs, newkeywargs):

C:\Python313\Lib\unittest\mock.py:1423: 
_ _ _ _ _ _ _ _ _ _ _ _ _ _ _ _ _ _ _ _ _ _ _ _ _ _ _ _ _ _ _ _ _ _ _ _ _ _ _ _
C:\Python313\Lib\contextlib.py:141: in __enter__
    return next(self.gen)
C:\Python313\Lib\unittest\mock.py:1405: in decoration_helper
    arg = exit_stack.enter_context(patching)
C:\Python313\Lib\contextlib.py:530: in enter_context
    result = _enter(cm)
C:\Python313\Lib\unittest\mock.py:1497: in __enter__
    original, local = self.get_original()
_ _ _ _ _ _ _ _ _ _ _ _ _ _ _ _ _ _ _ _ _ _ _ _ _ _ _ _ _ _ _ _ _ _ _ _ _ _ _ _

self = <unittest.mock._patch object at 0x000002219B677AC0>

    def get_original(self):
        target = self.getter()
        name = self.attribute
    
        original = DEFAULT
        local = False
    
        try:
            original = target.__dict__[name]
        except (AttributeError, KeyError):
            original = getattr(target, name, DEFAULT)
        else:
            local = True
    
        if name in _builtins and isinstance(target, ModuleType):
            self.create = True
    
        if not self.create and original is DEFAULT:
>           raise AttributeError(
                "%s does not have the attribute %r" % (target, name)
            )
E           AttributeError: None does not have the attribute 'get_valid_access_token'

C:\Python313\Lib\unittest\mock.py:1467: AttributeError
________________ test_list_sites_endpoint_requires_connection _________________

args = ()
keywargs = {'client': <starlette.testclient.TestClient object at 0x000002219BA4C160>}

    @wraps(func)
    def patched(*args, **keywargs):
>       with self.decoration_helper(patched,
                                    args,
                                    keywargs) as (newargs, newkeywargs):

C:\Python313\Lib\unittest\mock.py:1423: 
_ _ _ _ _ _ _ _ _ _ _ _ _ _ _ _ _ _ _ _ _ _ _ _ _ _ _ _ _ _ _ _ _ _ _ _ _ _ _ _
C:\Python313\Lib\contextlib.py:141: in __enter__
    return next(self.gen)
C:\Python313\Lib\unittest\mock.py:1405: in decoration_helper
    arg = exit_stack.enter_context(patching)
C:\Python313\Lib\contextlib.py:530: in enter_context
    result = _enter(cm)
C:\Python313\Lib\unittest\mock.py:1497: in __enter__
    original, local = self.get_original()
_ _ _ _ _ _ _ _ _ _ _ _ _ _ _ _ _ _ _ _ _ _ _ _ _ _ _ _ _ _ _ _ _ _ _ _ _ _ _ _

self = <unittest.mock._patch object at 0x000002219B7C8050>

    def get_original(self):
        target = self.getter()
        name = self.attribute
    
        original = DEFAULT
        local = False
    
        try:
            original = target.__dict__[name]
        except (AttributeError, KeyError):
            original = getattr(target, name, DEFAULT)
        else:
            local = True
    
        if name in _builtins and isinstance(target, ModuleType):
            self.create = True
    
        if not self.create and original is DEFAULT:
>           raise AttributeError(
                "%s does not have the attribute %r" % (target, name)
            )
E           AttributeError: None does not have the attribute 'get_valid_access_token'

C:\Python313\Lib\unittest\mock.py:1467: AttributeError
__________________________ test_list_drives_endpoint __________________________

args = ()
keywargs = {'client': <starlette.testclient.TestClient object at 0x000002219B92D950>}

    @wraps(func)
    def patched(*args, **keywargs):
>       with self.decoration_helper(patched,
                                    args,
                                    keywargs) as (newargs, newkeywargs):

C:\Python313\Lib\unittest\mock.py:1423: 
_ _ _ _ _ _ _ _ _ _ _ _ _ _ _ _ _ _ _ _ _ _ _ _ _ _ _ _ _ _ _ _ _ _ _ _ _ _ _ _
C:\Python313\Lib\contextlib.py:141: in __enter__
    return next(self.gen)
C:\Python313\Lib\unittest\mock.py:1405: in decoration_helper
    arg = exit_stack.enter_context(patching)
C:\Python313\Lib\contextlib.py:530: in enter_context
    result = _enter(cm)
C:\Python313\Lib\unittest\mock.py:1497: in __enter__
    original, local = self.get_original()
_ _ _ _ _ _ _ _ _ _ _ _ _ _ _ _ _ _ _ _ _ _ _ _ _ _ _ _ _ _ _ _ _ _ _ _ _ _ _ _

self = <unittest.mock._patch object at 0x000002219B7C8150>

    def get_original(self):
        target = self.getter()
        name = self.attribute
    
        original = DEFAULT
        local = False
    
        try:
            original = target.__dict__[name]
        except (AttributeError, KeyError):
            original = getattr(target, name, DEFAULT)
        else:
            local = True
    
        if name in _builtins and isinstance(target, ModuleType):
            self.create = True
    
        if not self.create and original is DEFAULT:
>           raise AttributeError(
                "%s does not have the attribute %r" % (target, name)
            )
E           AttributeError: None does not have the attribute 'get_valid_access_token'

C:\Python313\Lib\unittest\mock.py:1467: AttributeError
__________________________ test_list_items_endpoint ___________________________

args = ()
keywargs = {'client': <starlette.testclient.TestClient object at 0x000002219B8D2E50>}

    @wraps(func)
    def patched(*args, **keywargs):
>       with self.decoration_helper(patched,
                                    args,
                                    keywargs) as (newargs, newkeywargs):

C:\Python313\Lib\unittest\mock.py:1423: 
_ _ _ _ _ _ _ _ _ _ _ _ _ _ _ _ _ _ _ _ _ _ _ _ _ _ _ _ _ _ _ _ _ _ _ _ _ _ _ _
C:\Python313\Lib\contextlib.py:141: in __enter__
    return next(self.gen)
C:\Python313\Lib\unittest\mock.py:1405: in decoration_helper
    arg = exit_stack.enter_context(patching)
C:\Python313\Lib\contextlib.py:530: in enter_context
    result = _enter(cm)
C:\Python313\Lib\unittest\mock.py:1497: in __enter__
    original, local = self.get_original()
_ _ _ _ _ _ _ _ _ _ _ _ _ _ _ _ _ _ _ _ _ _ _ _ _ _ _ _ _ _ _ _ _ _ _ _ _ _ _ _

self = <unittest.mock._patch object at 0x000002219B7C0410>

    def get_original(self):
        target = self.getter()
        name = self.attribute
    
        original = DEFAULT
        local = False
    
        try:
            original = target.__dict__[name]
        except (AttributeError, KeyError):
            original = getattr(target, name, DEFAULT)
        else:
            local = True
    
        if name in _builtins and isinstance(target, ModuleType):
            self.create = True
    
        if not self.create and original is DEFAULT:
>           raise AttributeError(
                "%s does not have the attribute %r" % (target, name)
            )
E           AttributeError: None does not have the attribute 'get_valid_access_token'

C:\Python313\Lib\unittest\mock.py:1467: AttributeError
___________________________ test_download_endpoint ____________________________

args = ()
keywargs = {'client': <starlette.testclient.TestClient object at 0x000002219BA78B90>}

    @wraps(func)
    def patched(*args, **keywargs):
>       with self.decoration_helper(patched,
                                    args,
                                    keywargs) as (newargs, newkeywargs):

C:\Python313\Lib\unittest\mock.py:1423: 
_ _ _ _ _ _ _ _ _ _ _ _ _ _ _ _ _ _ _ _ _ _ _ _ _ _ _ _ _ _ _ _ _ _ _ _ _ _ _ _
C:\Python313\Lib\contextlib.py:141: in __enter__
    return next(self.gen)
C:\Python313\Lib\unittest\mock.py:1405: in decoration_helper
    arg = exit_stack.enter_context(patching)
C:\Python313\Lib\contextlib.py:530: in enter_context
    result = _enter(cm)
C:\Python313\Lib\unittest\mock.py:1497: in __enter__
    original, local = self.get_original()
_ _ _ _ _ _ _ _ _ _ _ _ _ _ _ _ _ _ _ _ _ _ _ _ _ _ _ _ _ _ _ _ _ _ _ _ _ _ _ _

self = <unittest.mock._patch object at 0x000002219B79CF30>

    def get_original(self):
        target = self.getter()
        name = self.attribute
    
        original = DEFAULT
        local = False
    
        try:
            original = target.__dict__[name]
        except (AttributeError, KeyError):
            original = getattr(target, name, DEFAULT)
        else:
            local = True
    
        if name in _builtins and isinstance(target, ModuleType):
            self.create = True
    
        if not self.create and original is DEFAULT:
>           raise AttributeError(
                "%s does not have the attribute %r" % (target, name)
            )
E           AttributeError: None does not have the attribute 'get_valid_access_token'

C:\Python313\Lib\unittest\mock.py:1467: AttributeError
_____________________ test_download_endpoint_folder_error _____________________

args = ()
keywargs = {'client': <starlette.testclient.TestClient object at 0x000002219D328230>}

    @wraps(func)
    def patched(*args, **keywargs):
>       with self.decoration_helper(patched,
                                    args,
                                    keywargs) as (newargs, newkeywargs):

C:\Python313\Lib\unittest\mock.py:1423: 
_ _ _ _ _ _ _ _ _ _ _ _ _ _ _ _ _ _ _ _ _ _ _ _ _ _ _ _ _ _ _ _ _ _ _ _ _ _ _ _
C:\Python313\Lib\contextlib.py:141: in __enter__
    return next(self.gen)
C:\Python313\Lib\unittest\mock.py:1405: in decoration_helper
    arg = exit_stack.enter_context(patching)
C:\Python313\Lib\contextlib.py:530: in enter_context
    result = _enter(cm)
C:\Python313\Lib\unittest\mock.py:1497: in __enter__
    original, local = self.get_original()
_ _ _ _ _ _ _ _ _ _ _ _ _ _ _ _ _ _ _ _ _ _ _ _ _ _ _ _ _ _ _ _ _ _ _ _ _ _ _ _

self = <unittest.mock._patch object at 0x000002219B519E50>

    def get_original(self):
        target = self.getter()
        name = self.attribute
    
        original = DEFAULT
        local = False
    
        try:
            original = target.__dict__[name]
        except (AttributeError, KeyError):
            original = getattr(target, name, DEFAULT)
        else:
            local = True
    
        if name in _builtins and isinstance(target, ModuleType):
            self.create = True
    
        if not self.create and original is DEFAULT:
>           raise AttributeError(
                "%s does not have the attribute %r" % (target, name)
            )
E           AttributeError: None does not have the attribute 'get_valid_access_token'

C:\Python313\Lib\unittest\mock.py:1467: AttributeError
============================== warnings summary ===============================
app.py:23
  C:\Users\USER\Documents\connector\backend\app.py:23: DeprecationWarning: 
          on_event is deprecated, use lifespan event handlers instead.
  
          Read more about it in the
          [FastAPI docs for Lifespan Events](https://fastapi.tiangolo.com/advanced/events/).
          
    @app.on_event("startup")

venv\Lib\site-packages\fastapi\applications.py:4547
  C:\Users\USER\Documents\connector\backend\venv\Lib\site-packages\fastapi\applications.py:4547: DeprecationWarning: 
          on_event is deprecated, use lifespan event handlers instead.
  
          Read more about it in the
          [FastAPI docs for Lifespan Events](https://fastapi.tiangolo.com/advanced/events/).
          
    return self.router.on_event(event_type)

tests/test_repositories.py::test_save_connection
  C:\Users\USER\Documents\connector\backend\tests\test_repositories.py:23: DeprecationWarning: datetime.datetime.utcnow() is deprecated and scheduled for removal in a future version. Use timezone-aware objects to represent datetimes in UTC: datetime.datetime.now(datetime.UTC).
    expires_at=datetime.utcnow() + timedelta(hours=1),

tests/test_repositories.py::test_save_connection
tests/test_repositories.py::test_get_by_user_id_returns_connection
tests/test_repositories.py::test_update_connection
tests/test_routes.py::test_status_connected
  C:\Users\USER\Documents\connector\backend\models.py:32: DeprecationWarning: datetime.datetime.utcnow() is deprecated and scheduled for removal in a future version. Use timezone-aware objects to represent datetimes in UTC: datetime.datetime.now(datetime.UTC).
    self.created_at = created_at or datetime.utcnow()

tests/test_repositories.py::test_save_connection
tests/test_repositories.py::test_get_by_user_id_returns_connection
tests/test_repositories.py::test_update_connection
tests/test_routes.py::test_status_connected
  C:\Users\USER\Documents\connector\backend\models.py:33: DeprecationWarning: datetime.datetime.utcnow() is deprecated and scheduled for removal in a future version. Use timezone-aware objects to represent datetimes in UTC: datetime.datetime.now(datetime.UTC).
    self.updated_at = updated_at or datetime.utcnow()

tests/test_repositories.py::test_get_by_user_id_returns_connection
  C:\Users\USER\Documents\connector\backend\tests\test_repositories.py:42: DeprecationWarning: datetime.datetime.utcnow() is deprecated and scheduled for removal in a future version. Use timezone-aware objects to represent datetimes in UTC: datetime.datetime.now(datetime.UTC).
    expires_at=datetime.utcnow() + timedelta(hours=1),

tests/test_repositories.py::test_update_connection
  C:\Users\USER\Documents\connector\backend\tests\test_repositories.py:70: DeprecationWarning: datetime.datetime.utcnow() is deprecated and scheduled for removal in a future version. Use timezone-aware objects to represent datetimes in UTC: datetime.datetime.now(datetime.UTC).
    expires_at=datetime.utcnow() + timedelta(hours=1),

tests/test_repositories.py::test_update_connection
  C:\Users\USER\Documents\connector\backend\repositories.py:43: DeprecationWarning: datetime.datetime.utcnow() is deprecated and scheduled for removal in a future version. Use timezone-aware objects to represent datetimes in UTC: datetime.datetime.now(datetime.UTC).
    connection.updated_at = datetime.utcnow()

tests/test_repositories.py::test_save_oauth_state
tests/test_repositories.py::test_delete_oauth_state
  C:\Users\USER\Documents\connector\backend\repositories.py:50: DeprecationWarning: datetime.datetime.utcnow() is deprecated and scheduled for removal in a future version. Use timezone-aware objects to represent datetimes in UTC: datetime.datetime.now(datetime.UTC).
    "created_at": datetime.utcnow().isoformat(),

tests/test_routes.py::test_status_connected
  C:\Users\USER\Documents\connector\backend\tests\test_routes.py:38: DeprecationWarning: datetime.datetime.utcnow() is deprecated and scheduled for removal in a future version. Use timezone-aware objects to represent datetimes in UTC: datetime.datetime.now(datetime.UTC).
    expires_at=datetime.utcnow() + timedelta(hours=1),

-- Docs: https://docs.pytest.org/en/stable/how-to/capture-warnings.html
=========================== short test summary info ===========================
FAILED tests/test_routes.py::test_connect_endpoint_returns_auth_url - ValueEr...
FAILED tests/test_routes.py::test_callback_endpoint_success - AttributeError:...
FAILED tests/test_routes.py::test_callback_endpoint_invalid_state - Attribute...
FAILED tests/test_routes.py::test_list_sites_endpoint - AttributeError: None ...
FAILED tests/test_routes.py::test_list_sites_endpoint_requires_connection - A...
FAILED tests/test_routes.py::test_list_drives_endpoint - AttributeError: None...
FAILED tests/test_routes.py::test_list_items_endpoint - AttributeError: None ...
FAILED tests/test_routes.py::test_download_endpoint - AttributeError: None do...
FAILED tests/test_routes.py::test_download_endpoint_folder_error - AttributeE...
ERROR tests/test_oauth.py::test_generate_authorization_url_has_required_params
ERROR tests/test_oauth.py::test_generate_authorization_url_includes_all_scopes
ERROR tests/test_oauth.py::test_callback_rejects_invalid_state - ValueError: ...
ERROR tests/test_oauth.py::test_callback_rejects_mismatched_state_user - Valu...
ERROR tests/test_oauth.py::test_callback_exchanges_code_and_stores_tokens - V...
ERROR tests/test_oauth.py::test_exchange_code_for_tokens_handles_http_error
ERROR tests/test_oauth.py::test_get_user_info_handles_http_error - ValueError...
ERROR tests/test_token_provider.py::test_get_valid_access_token_returns_token_for_valid_connection
ERROR tests/test_token_provider.py::test_get_valid_access_token_raises_for_disconnected_user
ERROR tests/test_token_provider.py::test_get_valid_access_token_refreshes_near_expired_token
ERROR tests/test_token_provider.py::test_get_valid_access_token_does_not_refresh_valid_token
ERROR tests/test_token_provider.py::test_refresh_token_updates_connection - V...
ERROR tests/test_token_provider.py::test_refresh_token_handles_invalid_grant_error
ERROR tests/test_token_provider.py::test_refresh_token_raises_for_missing_refresh_token
============ 9 failed, 31 passed, 17 warnings, 14 errors in 2.04s =============
